// Jest Snapshot v1, https://goo.gl/fbAQLP

exports[`BasicTable Search 🎏 request load more time 1`] = `null`;
