// Jest Snapshot v1, https://goo.gl/fbAQLP

exports[`Descriptions üìù columns support editable test 1`] = `
<div
  class="ant-descriptions ant-pro-descriptions"
>
  <div
    class="ant-descriptions-view"
  >
    <table>
      <tbody>
        <tr
          class="ant-descriptions-row"
        >
          <td
            class="ant-descriptions-item"
            colspan="1"
          >
            <div
              class="ant-descriptions-item-container"
            >
              <span
                class="ant-descriptions-item-content"
              >
                <div
                  style="margin-top:-5px;margin-bottom:-5px;margin-left:0;margin-right:0"
                >
                  <div
                    class="ant-space ant-space-horizontal ant-space-align-center"
                  >
                    <div
                      class="ant-space-item"
                      style="margin-right:8px"
                    >
                      <div
                        class="ant-row ant-form-item"
                        style="margin-top:-5px;margin-bottom:-5px;margin-left:0;margin-right:0;margin:0"
                      >
                        <div
                          class="ant-col ant-form-item-control"
                        >
                          <div
                            class="ant-form-item-control-input"
                          >
                            <div
                              class="ant-form-item-control-input-content"
                            >
                              <span
                                class="ant-input-affix-wrapper"
                              >
                                <input
                                  class="ant-input"
                                  placeholder="ËØ∑ËæìÂÖ•"
                                  type="text"
                                  value="üêõ [BUG]yarn installÂëΩ‰ª§ antd2.4.5‰ºöÊä•Èîô"
                                />
                                <span
                                  class="ant-input-suffix"
                                >
                                  <span
                                    aria-label="close-circle"
                                    class="anticon anticon-close-circle ant-input-clear-icon"
                                    role="button"
                                    tabindex="-1"
                                  >
                                    <svg
                                      aria-hidden="true"
                                      data-icon="close-circle"
                                      fill="currentColor"
                                      focusable="false"
                                      height="1em"
                                      viewBox="64 64 896 896"
                                      width="1em"
                                    >
                                      <path
                                        d="M512 64C264.6 64 64 264.6 64 512s200.6 448 448 448 448-200.6 448-448S759.4 64 512 64zm165.4 618.2l-66-.3L512 563.4l-99.3 118.4-66.1.3c-4.4 0-8-3.5-8-8 0-1.9.7-3.7 1.9-5.2l130.1-155L340.5 359a8.32 8.32 0 01-1.9-5.2c0-4.4 3.6-8 8-8l66.1.3L512 464.6l99.3-118.4 66-.3c4.4 0 8 3.5 8 8 0 1.9-.7 3.7-1.9 5.2L553.5 514l130 155c1.2 1.5 1.9 3.3 1.9 5.2 0 4.4-3.6 8-8 8z"
                                      />
                                    </svg>
                                  </span>
                                </span>
                              </span>
                            </div>
                          </div>
                        </div>
                      </div>
                    </div>
                    <div
                      class="ant-space-item"
                      style="margin-right:8px"
                    >
                      <a>
                        <span
                          aria-label="check"
                          class="anticon anticon-check"
                          role="img"
                        >
                          <svg
                            aria-hidden="true"
                            data-icon="check"
                            fill="currentColor"
                            focusable="false"
                            height="1em"
                            viewBox="64 64 896 896"
                            width="1em"
                          >
                            <path
                              d="M912 190h-69.9c-9.8 0-19.1 4.5-25.1 12.2L404.7 724.5 207 474a32 32 0 00-25.1-12.2H112c-6.7 0-10.4 7.7-6.3 12.9l273.9 347c12.8 16.2 37.4 16.2 50.3 0l488.4-618.9c4.1-5.1.4-12.8-6.3-12.8z"
                            />
                          </svg>
                        </span>
                      </a>
                    </div>
                    <div
                      class="ant-space-item"
                      style="margin-right:8px"
                    />
                    <div
                      class="ant-space-item"
                    >
                      <a>
                        <span
                          aria-label="close"
                          class="anticon anticon-close"
                          role="img"
                        >
                          <svg
                            aria-hidden="true"
                            data-icon="close"
                            fill="currentColor"
                            focusable="false"
                            height="1em"
                            viewBox="64 64 896 896"
                            width="1em"
                          >
                            <path
                              d="M563.8 512l262.5-312.9c4.4-5.2.7-13.1-6.1-13.1h-79.8c-4.7 0-9.2 2.1-12.3 5.7L511.6 449.8 295.1 191.7c-3-3.6-7.5-5.7-12.3-5.7H203c-6.8 0-10.5 7.9-6.1 13.1L459.4 512 196.9 824.9A7.95 7.95 0 00203 838h79.8c4.7 0 9.2-2.1 12.3-5.7l216.5-258.1 216.5 258.1c3 3.6 7.5 5.7 12.3 5.7h79.8c6.8 0 10.5-7.9 6.1-13.1L563.8 512z"
                            />
                          </svg>
                        </span>
                      </a>
                    </div>
                  </div>
                </div>
              </span>
            </div>
          </td>
          <td
            class="ant-descriptions-item"
            colspan="2"
          >
            <div
              class="ant-descriptions-item-container"
            >
              <span
                class="ant-descriptions-item-content"
              >
                -
              </span>
            </div>
          </td>
        </tr>
      </tbody>
    </table>
  </div>
</div>
`;

exports[`Descriptions üìù renderFormItem run defaultRender 1`] = `
<div
  class="ant-descriptions ant-pro-descriptions"
>
  <div
    class="ant-descriptions-view"
  >
    <table>
      <tbody>
        <tr
          class="ant-descriptions-row"
        >
          <td
            class="ant-descriptions-item"
            colspan="3"
          >
            <div
              class="ant-descriptions-item-container"
            >
              <span
                class="ant-descriptions-item-content"
              >
                <div
                  style="margin-top:-5px;margin-bottom:-5px;margin-left:0;margin-right:0"
                >
                  <div
                    class="ant-space ant-space-horizontal ant-space-align-center"
                  >
                    <div
                      class="ant-space-item"
                      style="margin-right:8px"
                    >
                      <div
                        class="ant-row ant-form-item"
                        style="margin-top:-5px;margin-bottom:-5px;margin-left:0;margin-right:0;margin:0"
                      >
                        <div
                          class="ant-col ant-form-item-control"
                        >
                          <div
                            class="ant-form-item-control-input"
                          >
                            <div
                              class="ant-form-item-control-input-content"
                            >
                              <span
                                class="ant-input-affix-wrapper"
                              >
                                <input
                                  class="ant-input"
                                  placeholder="ËØ∑ËæìÂÖ•"
                                  type="text"
                                  value="üêõ [BUG]yarn installÂëΩ‰ª§ antd2.4.5‰ºöÊä•Èîô"
                                />
                                <span
                                  class="ant-input-suffix"
                                >
                                  <span
                                    aria-label="close-circle"
                                    class="anticon anticon-close-circle ant-input-clear-icon"
                                    role="button"
                                    tabindex="-1"
                                  >
                                    <svg
                                      aria-hidden="true"
                                      data-icon="close-circle"
                                      fill="currentColor"
                                      focusable="false"
                                      height="1em"
                                      viewBox="64 64 896 896"
                                      width="1em"
                                    >
                                      <path
                                        d="M512 64C264.6 64 64 264.6 64 512s200.6 448 448 448 448-200.6 448-448S759.4 64 512 64zm165.4 618.2l-66-.3L512 563.4l-99.3 118.4-66.1.3c-4.4 0-8-3.5-8-8 0-1.9.7-3.7 1.9-5.2l130.1-155L340.5 359a8.32 8.32 0 01-1.9-5.2c0-4.4 3.6-8 8-8l66.1.3L512 464.6l99.3-118.4 66-.3c4.4 0 8 3.5 8 8 0 1.9-.7 3.7-1.9 5.2L553.5 514l130 155c1.2 1.5 1.9 3.3 1.9 5.2 0 4.4-3.6 8-8 8z"
                                      />
                                    </svg>
                                  </span>
                                </span>
                              </span>
                            </div>
                          </div>
                        </div>
                      </div>
                    </div>
                    <div
                      class="ant-space-item"
                      style="margin-right:8px"
                    >
                      <a>
                        <span
                          aria-label="check"
                          class="anticon anticon-check"
                          role="img"
                        >
                          <svg
                            aria-hidden="true"
                            data-icon="check"
                            fill="currentColor"
                            focusable="false"
                            height="1em"
                            viewBox="64 64 896 896"
                            width="1em"
                          >
                            <path
                              d="M912 190h-69.9c-9.8 0-19.1 4.5-25.1 12.2L404.7 724.5 207 474a32 32 0 00-25.1-12.2H112c-6.7 0-10.4 7.7-6.3 12.9l273.9 347c12.8 16.2 37.4 16.2 50.3 0l488.4-618.9c4.1-5.1.4-12.8-6.3-12.8z"
                            />
                          </svg>
                        </span>
                      </a>
                    </div>
                    <div
                      class="ant-space-item"
                      style="margin-right:8px"
                    />
                    <div
                      class="ant-space-item"
                    >
                      <a>
                        <span
                          aria-label="close"
                          class="anticon anticon-close"
                          role="img"
                        >
                          <svg
                            aria-hidden="true"
                            data-icon="close"
                            fill="currentColor"
                            focusable="false"
                            height="1em"
                            viewBox="64 64 896 896"
                            width="1em"
                          >
                            <path
                              d="M563.8 512l262.5-312.9c4.4-5.2.7-13.1-6.1-13.1h-79.8c-4.7 0-9.2 2.1-12.3 5.7L511.6 449.8 295.1 191.7c-3-3.6-7.5-5.7-12.3-5.7H203c-6.8 0-10.5 7.9-6.1 13.1L459.4 512 196.9 824.9A7.95 7.95 0 00203 838h79.8c4.7 0 9.2-2.1 12.3-5.7l216.5-258.1 216.5 258.1c3 3.6 7.5 5.7 12.3 5.7h79.8c6.8 0 10.5-7.9 6.1-13.1L563.8 512z"
                            />
                          </svg>
                        </span>
                      </a>
                    </div>
                  </div>
                </div>
              </span>
            </div>
          </td>
        </tr>
      </tbody>
    </table>
  </div>
</div>
`;
