// Jest Snapshot v1, https://goo.gl/fbAQLP

exports[`descriptions üèä‚Äç‚ôÇÔ∏è ProDescriptions support order 1`] = `
<div
  class="ant-descriptions ant-pro-descriptions"
>
  <div
    class="ant-descriptions-view"
  >
    <table>
      <tbody>
        <tr
          class="ant-descriptions-row"
        >
          <td
            class="ant-descriptions-item"
            colspan="1"
          >
            <div
              class="ant-descriptions-item-container"
            >
              <span
                class="ant-descriptions-item-label"
              >
                Ê†áÈ¢ò
              </span>
              <span
                class="ant-descriptions-item-content"
              >
                test
              </span>
            </div>
          </td>
          <td
            class="ant-descriptions-item"
            colspan="1"
          >
            <div
              class="ant-descriptions-item-container"
            >
              <span
                class="ant-descriptions-item-label"
              >
                ËøõÂ∫¶Êù°1
              </span>
              <span
                class="ant-descriptions-item-content"
              >
                <div
                  class="ant-progress ant-progress-line ant-progress-status-active ant-progress-show-info ant-progress-small"
                  style="min-width: 100px; max-width: 320px;"
                >
                  <div
                    class="ant-progress-outer"
                  >
                    <div
                      class="ant-progress-inner"
                    >
                      <div
                        class="ant-progress-bg"
                        style="width: 40%; height: 6px;"
                      />
                    </div>
                  </div>
                  <span
                    class="ant-progress-text"
                    title="40%"
                  >
                    40%
                  </span>
                </div>
              </span>
            </div>
          </td>
          <td
            class="ant-descriptions-item"
            colspan="1"
          >
            <div
              class="ant-descriptions-item-container"
            >
              <span
                class="ant-descriptions-item-label"
              >
                ËøõÂ∫¶Êù°3
              </span>
              <span
                class="ant-descriptions-item-content"
              >
                <div
                  class="ant-progress ant-progress-line ant-progress-status-success ant-progress-show-info ant-progress-small"
                  style="min-width: 100px; max-width: 320px;"
                >
                  <div
                    class="ant-progress-outer"
                  >
                    <div
                      class="ant-progress-inner"
                    >
                      <div
                        class="ant-progress-bg"
                        style="width: 100%; height: 6px;"
                      />
                    </div>
                  </div>
                  <span
                    class="ant-progress-text"
                  >
                    <span
                      aria-label="check-circle"
                      class="anticon anticon-check-circle"
                      role="img"
                    >
                      <svg
                        aria-hidden="true"
                        data-icon="check-circle"
                        fill="currentColor"
                        focusable="false"
                        height="1em"
                        viewBox="64 64 896 896"
                        width="1em"
                      >
                        <path
                          d="M512 64C264.6 64 64 264.6 64 512s200.6 448 448 448 448-200.6 448-448S759.4 64 512 64zm193.5 301.7l-210.6 292a31.8 31.8 0 01-51.7 0L318.5 484.9c-3.8-5.3 0-12.7 6.5-12.7h46.9c10.2 0 19.9 4.9 25.9 13.3l71.2 98.8 157.2-218c6-8.3 15.6-13.3 25.9-13.3H699c6.5 0 10.3 7.4 6.5 12.7z"
                        />
                      </svg>
                    </span>
                  </span>
                </div>
              </span>
            </div>
          </td>
        </tr>
        <tr
          class="ant-descriptions-row"
        >
          <td
            class="ant-descriptions-item"
            colspan="3"
          >
            <div
              class="ant-descriptions-item-container"
            >
              <span
                class="ant-descriptions-item-label"
              >
                ËøõÂ∫¶Êù°2
              </span>
              <span
                class="ant-descriptions-item-content"
              >
                <div
                  class="ant-progress ant-progress-line ant-progress-status-exception ant-progress-show-info ant-progress-small"
                  style="min-width: 100px; max-width: 320px;"
                >
                  <div
                    class="ant-progress-outer"
                  >
                    <div
                      class="ant-progress-inner"
                    >
                      <div
                        class="ant-progress-bg"
                        style="width: 0%; height: 6px;"
                      />
                    </div>
                  </div>
                  <span
                    class="ant-progress-text"
                  >
                    <span
                      aria-label="close-circle"
                      class="anticon anticon-close-circle"
                      role="img"
                    >
                      <svg
                        aria-hidden="true"
                        data-icon="close-circle"
                        fill="currentColor"
                        focusable="false"
                        height="1em"
                        viewBox="64 64 896 896"
                        width="1em"
                      >
                        <path
                          d="M512 64C264.6 64 64 264.6 64 512s200.6 448 448 448 448-200.6 448-448S759.4 64 512 64zm165.4 618.2l-66-.3L512 563.4l-99.3 118.4-66.1.3c-4.4 0-8-3.5-8-8 0-1.9.7-3.7 1.9-5.2l130.1-155L340.5 359a8.32 8.32 0 01-1.9-5.2c0-4.4 3.6-8 8-8l66.1.3L512 464.6l99.3-118.4 66-.3c4.4 0 8 3.5 8 8 0 1.9-.7 3.7-1.9 5.2L553.5 514l130 155c1.2 1.5 1.9 3.3 1.9 5.2 0 4.4-3.6 8-8 8z"
                        />
                      </svg>
                    </span>
                  </span>
                </div>
              </span>
            </div>
          </td>
        </tr>
      </tbody>
    </table>
  </div>
</div>
`;
